07:44:13 **** Build of configuration ArduinoUnoRev3_Release for project ArduinoCore ****
make -j2 all 
Building file: ../src/avr-libc/realloc.c
Invoking: AVR Compiler
avr-gcc -I"/home/slg/workspace-arduino/ArduinoCore/src" -I"/home/slg/workspace-arduino/ArduinoCore/src/variants/standard" -Wall -Os -fpack-struct -fshort-enums -ffunction-sections -fdata-sections -std=gnu99 -funsigned-char -funsigned-bitfields -mmcu=atmega16 -DF_CPU=1000000UL -MMD -MP -MF"src/avr-libc/realloc.d" -MT"src/avr-libc/realloc.d" -c -o "src/avr-libc/realloc.o" "../src/avr-libc/realloc.c"
Building file: ../src/avr-libc/malloc.c
Invoking: AVR Compiler
avr-gcc -I"/home/slg/workspace-arduino/ArduinoCore/src" -I"/home/slg/workspace-arduino/ArduinoCore/src/variants/standard" -Wall -Os -fpack-struct -fshort-enums -ffunction-sections -fdata-sections -std=gnu99 -funsigned-char -funsigned-bitfields -mmcu=atmega16 -DF_CPU=1000000UL -MMD -MP -MF"src/avr-libc/malloc.d" -MT"src/avr-libc/malloc.d" -c -o "src/avr-libc/malloc.o" "../src/avr-libc/malloc.c"
Finished building: ../src/avr-libc/realloc.c
 
Building file: ../src/CDC.cpp
Invoking: AVR C++ Compiler
avr-g++ -I../src -I"/home/slg/workspace-arduino/ArduinoCore/src/variants/standard" -Wall -Os -fpack-struct -fshort-enums -ffunction-sections -fdata-sections -funsigned-char -funsigned-bitfields -fno-exceptions -mmcu=atmega16 -DF_CPU=1000000UL -MMD -MP -MF"src/CDC.d" -MT"src/CDC.d" -c -o "src/CDC.o" "../src/CDC.cpp"
Finished building: ../src/avr-libc/malloc.c
 
Building file: ../src/HID.cpp
Invoking: AVR C++ Compiler
avr-g++ -I../src -I"/home/slg/workspace-arduino/ArduinoCore/src/variants/standard" -Wall -Os -fpack-struct -fshort-enums -ffunction-sections -fdata-sections -funsigned-char -funsigned-bitfields -fno-exceptions -mmcu=atmega16 -DF_CPU=1000000UL -MMD -MP -MF"src/HID.d" -MT"src/HID.d" -c -o "src/HID.o" "../src/HID.cpp"
Finished building: ../src/CDC.cpp
 
Building file: ../src/HardwareSerial.cpp
Invoking: AVR C++ Compiler
avr-g++ -I../src -I"/home/slg/workspace-arduino/ArduinoCore/src/variants/standard" -Wall -Os -fpack-struct -fshort-enums -ffunction-sections -fdata-sections -funsigned-char -funsigned-bitfields -fno-exceptions -mmcu=atmega16 -DF_CPU=1000000UL -MMD -MP -MF"src/HardwareSerial.d" -MT"src/HardwareSerial.d" -c -o "src/HardwareSerial.o" "../src/HardwareSerial.cpp"
Finished building: ../src/HID.cpp
 
Building file: ../src/IPAddress.cpp
Invoking: AVR C++ Compiler
avr-g++ -I../src -I"/home/slg/workspace-arduino/ArduinoCore/src/variants/standard" -Wall -Os -fpack-struct -fshort-enums -ffunction-sections -fdata-sections -funsigned-char -funsigned-bitfields -fno-exceptions -mmcu=atmega16 -DF_CPU=1000000UL -MMD -MP -MF"src/IPAddress.d" -MT"src/IPAddress.d" -c -o "src/IPAddress.o" "../src/IPAddress.cpp"
../src/HardwareSerial.cpp: In function ‘void store_char(unsigned char, ring_buffer*)’:
../src/HardwareSerial.cpp:98:9: warning: comparison between signed and unsigned integer expressions [-Wsign-compare]
   if (i != buffer->tail) {
         ^
../src/HardwareSerial.cpp: In function ‘void __vector_11()’:
../src/HardwareSerial.cpp:134:21: warning: unused variable ‘c’ [-Wunused-variable]
       unsigned char c = UDR;
                     ^
../src/HardwareSerial.cpp: In member function ‘void HardwareSerial::begin(long unsigned int, byte)’:
../src/HardwareSerial.cpp:368:11: warning: unused variable ‘current_config’ [-Wunused-variable]
   uint8_t current_config;
           ^
../src/HardwareSerial.cpp: In member function ‘virtual size_t HardwareSerial::write(uint8_t)’:
../src/HardwareSerial.cpp:467:12: warning: comparison between signed and unsigned integer expressions [-Wsign-compare]
   while (i == _tx_buffer->tail)
            ^
In file included from ../src/IPAddress.cpp:3:0:
../src/IPAddress.h: In member function ‘IPAddress::operator uint32_t()’:
../src/IPAddress.h:51:55: warning: dereferencing type-punned pointer will break strict-aliasing rules [-Wstrict-aliasing]
     operator uint32_t() { return *((uint32_t*)_address); };
                                                       ^
../src/IPAddress.h: In member function ‘bool IPAddress::operator==(const IPAddress&)’:
../src/IPAddress.h:52:75: warning: dereferencing type-punned pointer will break strict-aliasing rules [-Wstrict-aliasing]
     bool operator==(const IPAddress& addr) { return (*((uint32_t*)_address)) == (*((uint32_t*)addr._address)); };
                                                                           ^
../src/IPAddress.h:52:108: warning: dereferencing type-punned pointer will break strict-aliasing rules [-Wstrict-aliasing]
     bool operator==(const IPAddress& addr) { return (*((uint32_t*)_address)) == (*((uint32_t*)addr._address)); };
                                                                                                            ^
Finished building: ../src/IPAddress.cpp
 
Building file: ../src/Print.cpp
Invoking: AVR C++ Compiler
avr-g++ -I../src -I"/home/slg/workspace-arduino/ArduinoCore/src/variants/standard" -Wall -Os -fpack-struct -fshort-enums -ffunction-sections -fdata-sections -funsigned-char -funsigned-bitfields -fno-exceptions -mmcu=atmega16 -DF_CPU=1000000UL -MMD -MP -MF"src/Print.d" -MT"src/Print.d" -c -o "src/Print.o" "../src/Print.cpp"
../src/Print.cpp: In member function ‘size_t Print::print(const __FlashStringHelper*)’:
../src/Print.cpp:44:23: warning: ‘__progmem__’ attribute ignored [-Wattributes]
   const char PROGMEM *p = (const char PROGMEM *)ifsh;
                       ^
Finished building: ../src/HardwareSerial.cpp
 
Building file: ../src/Stream.cpp
Invoking: AVR C++ Compiler
avr-g++ -I../src -I"/home/slg/workspace-arduino/ArduinoCore/src/variants/standard" -Wall -Os -fpack-struct -fshort-enums -ffunction-sections -fdata-sections -funsigned-char -funsigned-bitfields -fno-exceptions -mmcu=atmega16 -DF_CPU=1000000UL -MMD -MP -MF"src/Stream.d" -MT"src/Stream.d" -c -o "src/Stream.o" "../src/Stream.cpp"
Finished building: ../src/Print.cpp
 
Building file: ../src/Tone.cpp
Invoking: AVR C++ Compiler
avr-g++ -I../src -I"/home/slg/workspace-arduino/ArduinoCore/src/variants/standard" -Wall -Os -fpack-struct -fshort-enums -ffunction-sections -fdata-sections -funsigned-char -funsigned-bitfields -fno-exceptions -mmcu=atmega16 -DF_CPU=1000000UL -MMD -MP -MF"src/Tone.d" -MT"src/Tone.d" -c -o "src/Tone.o" "../src/Tone.cpp"
In file included from ../src/Tone.cpp:35:0:
../src/Tone.cpp: In function ‘void TIMER2_COMPA_vect()’:
../src/Tone.cpp:535:5: warning: ‘TIMER2_COMPA_vect’ appears to be a misspelled signal handler
 ISR(TIMER2_COMPA_vect)
     ^
Finished building: ../src/Tone.cpp
 
Building file: ../src/USBCore.cpp
Invoking: AVR C++ Compiler
avr-g++ -I../src -I"/home/slg/workspace-arduino/ArduinoCore/src/variants/standard" -Wall -Os -fpack-struct -fshort-enums -ffunction-sections -fdata-sections -funsigned-char -funsigned-bitfields -fno-exceptions -mmcu=atmega16 -DF_CPU=1000000UL -MMD -MP -MF"src/USBCore.d" -MT"src/USBCore.d" -c -o "src/USBCore.o" "../src/USBCore.cpp"
Finished building: ../src/USBCore.cpp
 
Building file: ../src/WInterrupts.c
Invoking: AVR Compiler
avr-gcc -I"/home/slg/workspace-arduino/ArduinoCore/src" -I"/home/slg/workspace-arduino/ArduinoCore/src/variants/standard" -Wall -Os -fpack-struct -fshort-enums -ffunction-sections -fdata-sections -std=gnu99 -funsigned-char -funsigned-bitfields -mmcu=atmega16 -DF_CPU=1000000UL -MMD -MP -MF"src/WInterrupts.d" -MT"src/WInterrupts.d" -c -o "src/WInterrupts.o" "../src/WInterrupts.c"
Finished building: ../src/Stream.cpp
 
Building file: ../src/WMath.cpp
Invoking: AVR C++ Compiler
avr-g++ -I../src -I"/home/slg/workspace-arduino/ArduinoCore/src/variants/standard" -Wall -Os -fpack-struct -fshort-enums -ffunction-sections -fdata-sections -funsigned-char -funsigned-bitfields -fno-exceptions -mmcu=atmega16 -DF_CPU=1000000UL -MMD -MP -MF"src/WMath.d" -MT"src/WMath.d" -c -o "src/WMath.o" "../src/WMath.cpp"
Finished building: ../src/WInterrupts.c
 
Building file: ../src/WString.cpp
Invoking: AVR C++ Compiler
avr-g++ -I../src -I"/home/slg/workspace-arduino/ArduinoCore/src/variants/standard" -Wall -Os -fpack-struct -fshort-enums -ffunction-sections -fdata-sections -funsigned-char -funsigned-bitfields -fno-exceptions -mmcu=atmega16 -DF_CPU=1000000UL -MMD -MP -MF"src/WString.d" -MT"src/WString.d" -c -o "src/WString.o" "../src/WString.cpp"
Finished building: ../src/WMath.cpp
 
Building file: ../src/main.cpp
Invoking: AVR C++ Compiler
avr-g++ -I../src -I"/home/slg/workspace-arduino/ArduinoCore/src/variants/standard" -Wall -Os -fpack-struct -fshort-enums -ffunction-sections -fdata-sections -funsigned-char -funsigned-bitfields -fno-exceptions -mmcu=atmega16 -DF_CPU=1000000UL -MMD -MP -MF"src/main.d" -MT"src/main.d" -c -o "src/main.o" "../src/main.cpp"
Finished building: ../src/main.cpp
 
Building file: ../src/new.cpp
Invoking: AVR C++ Compiler
avr-g++ -I../src -I"/home/slg/workspace-arduino/ArduinoCore/src/variants/standard" -Wall -Os -fpack-struct -fshort-enums -ffunction-sections -fdata-sections -funsigned-char -funsigned-bitfields -fno-exceptions -mmcu=atmega16 -DF_CPU=1000000UL -MMD -MP -MF"src/new.d" -MT"src/new.d" -c -o "src/new.o" "../src/new.cpp"
Finished building: ../src/new.cpp
 
Building file: ../src/wiring.c
Invoking: AVR Compiler
avr-gcc -I"/home/slg/workspace-arduino/ArduinoCore/src" -I"/home/slg/workspace-arduino/ArduinoCore/src/variants/standard" -Wall -Os -fpack-struct -fshort-enums -ffunction-sections -fdata-sections -std=gnu99 -funsigned-char -funsigned-bitfields -mmcu=atmega16 -DF_CPU=1000000UL -MMD -MP -MF"src/wiring.d" -MT"src/wiring.d" -c -o "src/wiring.o" "../src/wiring.c"
Finished building: ../src/wiring.c
 
Building file: ../src/wiring_analog.c
Invoking: AVR Compiler
avr-gcc -I"/home/slg/workspace-arduino/ArduinoCore/src" -I"/home/slg/workspace-arduino/ArduinoCore/src/variants/standard" -Wall -Os -fpack-struct -fshort-enums -ffunction-sections -fdata-sections -std=gnu99 -funsigned-char -funsigned-bitfields -mmcu=atmega16 -DF_CPU=1000000UL -MMD -MP -MF"src/wiring_analog.d" -MT"src/wiring_analog.d" -c -o "src/wiring_analog.o" "../src/wiring_analog.c"
Finished building: ../src/wiring_analog.c
 
Building file: ../src/wiring_digital.c
Invoking: AVR Compiler
avr-gcc -I"/home/slg/workspace-arduino/ArduinoCore/src" -I"/home/slg/workspace-arduino/ArduinoCore/src/variants/standard" -Wall -Os -fpack-struct -fshort-enums -ffunction-sections -fdata-sections -std=gnu99 -funsigned-char -funsigned-bitfields -mmcu=atmega16 -DF_CPU=1000000UL -MMD -MP -MF"src/wiring_digital.d" -MT"src/wiring_digital.d" -c -o "src/wiring_digital.o" "../src/wiring_digital.c"
In file included from ../src/wiring_private.h:33:0,
                 from ../src/wiring_digital.c:28:
../src/Arduino.h:157:0: warning: "PE" redefined
 #define PE 5
 ^
In file included from /usr/avr/include/avr/io.h:238:0,
                 from ../src/wiring_private.h:28,
                 from ../src/wiring_digital.c:28:
/usr/avr/include/avr/iom16.h:128:0: note: this is the location of the previous definition
 #define PE      2
 ^
Finished building: ../src/wiring_digital.c
 
Building file: ../src/wiring_pulse.c
Invoking: AVR Compiler
avr-gcc -I"/home/slg/workspace-arduino/ArduinoCore/src" -I"/home/slg/workspace-arduino/ArduinoCore/src/variants/standard" -Wall -Os -fpack-struct -fshort-enums -ffunction-sections -fdata-sections -std=gnu99 -funsigned-char -funsigned-bitfields -mmcu=atmega16 -DF_CPU=1000000UL -MMD -MP -MF"src/wiring_pulse.d" -MT"src/wiring_pulse.d" -c -o "src/wiring_pulse.o" "../src/wiring_pulse.c"
Finished building: ../src/wiring_pulse.c
 
Building file: ../src/wiring_shift.c
Invoking: AVR Compiler
avr-gcc -I"/home/slg/workspace-arduino/ArduinoCore/src" -I"/home/slg/workspace-arduino/ArduinoCore/src/variants/standard" -Wall -Os -fpack-struct -fshort-enums -ffunction-sections -fdata-sections -std=gnu99 -funsigned-char -funsigned-bitfields -mmcu=atmega16 -DF_CPU=1000000UL -MMD -MP -MF"src/wiring_shift.d" -MT"src/wiring_shift.d" -c -o "src/wiring_shift.o" "../src/wiring_shift.c"
Finished building: ../src/wiring_shift.c
 
Finished building: ../src/WString.cpp
 
Building target: libArduinoCore.a
Invoking: AVR Archiver
avr-ar -r  "libArduinoCore.a"  ./src/avr-libc/malloc.o ./src/avr-libc/realloc.o  ./src/CDC.o ./src/HID.o ./src/HardwareSerial.o ./src/IPAddress.o ./src/Print.o ./src/Stream.o ./src/Tone.o ./src/USBCore.o ./src/WInterrupts.o ./src/WMath.o ./src/WString.o ./src/main.o ./src/new.o ./src/wiring.o ./src/wiring_analog.o ./src/wiring_digital.o ./src/wiring_pulse.o ./src/wiring_shift.o  
avr-ar: creating libArduinoCore.a
Finished building target: libArduinoCore.a
 
Invoking: AVR Create Extended Listing
avr-objdump -h -S libArduinoCore.a  >"libArduinoCore.lss"
Invoking: Print Size
avr-size --format=berkeley -t libArduinoCore.a
   text	   data	    bss	    dec	    hex	filename
    602	      6	      0	    608	    260	malloc.o (ex libArduinoCore.a)
    466	      0	      0	    466	    1d2	realloc.o (ex libArduinoCore.a)
      0	      0	      0	      0	      0	CDC.o (ex libArduinoCore.a)
      0	      0	      0	      0	      0	HID.o (ex libArduinoCore.a)
   1526	      0	    170	   1696	    6a0	HardwareSerial.o (ex libArduinoCore.a)
    322	      0	      6	    328	    148	IPAddress.o (ex libArduinoCore.a)
   1676	      0	      0	   1676	    68c	Print.o (ex libArduinoCore.a)
   1347	      0	      0	   1347	    543	Stream.o (ex libArduinoCore.a)
   1035	      1	     21	   1057	    421	Tone.o (ex libArduinoCore.a)
      0	      0	      0	      0	      0	USBCore.o (ex libArduinoCore.a)
    278	      0	      4	    282	    11a	WInterrupts.o (ex libArduinoCore.a)
    298	      0	      0	    298	    12a	WMath.o (ex libArduinoCore.a)
   3913	      0	      1	   3914	    f4a	WString.o (ex libArduinoCore.a)
     26	      0	      0	     26	     1a	main.o (ex libArduinoCore.a)
     46	      0	      0	     46	     2e	new.o (ex libArduinoCore.a)
    404	      0	      9	    413	    19d	wiring.o (ex libArduinoCore.a)
    178	      1	      0	    179	     b3	wiring_analog.o (ex libArduinoCore.a)
    422	      0	      0	    422	    1a6	wiring_digital.o (ex libArduinoCore.a)
    286	      0	      0	    286	    11e	wiring_pulse.o (ex libArduinoCore.a)
    238	      0	      0	    238	     ee	wiring_shift.o (ex libArduinoCore.a)
  13063	      8	    211	  13282	   33e2	(TOTALS)
Finished building: sizedummy
Finished building: libArduinoCore.lss
 
 

07:44:15 Build Finished (took 2s.569ms)

