14:11:35 **** Build of configuration Release for project Arduino_Uno ****
make all 
Building file: /usr/share/arduino/hardware/arduino/cores/arduino/avr-libc/malloc.c
Invoking: AVR Compiler
avr-gcc -I"/usr/share/arduino/hardware/arduino/cores/arduino" -I"/usr/share/arduino/hardware/arduino/variants/standard" -DUSB_VID= -DUSB_PID= -DARDUINO=105 -Wall -Os -fpack-struct -fshort-enums -std=gnu99 -funsigned-char -funsigned-bitfields -g  -ffunction-sections  -fdata-sections -mmcu=atmega328p -DF_CPU=16000000UL -MMD -MP -MF"arduino/avr-libc/malloc.d" -MT"arduino/avr-libc/malloc.d"  -c -o "arduino/avr-libc/malloc.o" "/usr/share/arduino/hardware/arduino/cores/arduino/avr-libc/malloc.c"
Finished building: /usr/share/arduino/hardware/arduino/cores/arduino/avr-libc/malloc.c
 
Building file: /usr/share/arduino/hardware/arduino/cores/arduino/avr-libc/realloc.c
Invoking: AVR Compiler
avr-gcc -I"/usr/share/arduino/hardware/arduino/cores/arduino" -I"/usr/share/arduino/hardware/arduino/variants/standard" -DUSB_VID= -DUSB_PID= -DARDUINO=105 -Wall -Os -fpack-struct -fshort-enums -std=gnu99 -funsigned-char -funsigned-bitfields -g  -ffunction-sections  -fdata-sections -mmcu=atmega328p -DF_CPU=16000000UL -MMD -MP -MF"arduino/avr-libc/realloc.d" -MT"arduino/avr-libc/realloc.d"  -c -o "arduino/avr-libc/realloc.o" "/usr/share/arduino/hardware/arduino/cores/arduino/avr-libc/realloc.c"
Finished building: /usr/share/arduino/hardware/arduino/cores/arduino/avr-libc/realloc.c
 
Building file: /usr/share/arduino/hardware/arduino/cores/arduino/CDC.cpp
Invoking: AVR C++ Compiler
avr-g++ -I"/usr/share/arduino/hardware/arduino/cores/arduino" -I"/usr/share/arduino/hardware/arduino/variants/standard" -DUSB_PID= -DUSB_VID= -DARDUINO=105 -Wall -Os -fno-exceptions -g  -ffunction-sections  -fdata-sections -mmcu=atmega328p -DF_CPU=16000000UL -MMD -MP -MF"arduino/CDC.d" -MT"arduino/CDC.d"  -c -o "arduino/CDC.o" "/usr/share/arduino/hardware/arduino/cores/arduino/CDC.cpp"
Finished building: /usr/share/arduino/hardware/arduino/cores/arduino/CDC.cpp
 
Building file: /usr/share/arduino/hardware/arduino/cores/arduino/HID.cpp
Invoking: AVR C++ Compiler
avr-g++ -I"/usr/share/arduino/hardware/arduino/cores/arduino" -I"/usr/share/arduino/hardware/arduino/variants/standard" -DUSB_PID= -DUSB_VID= -DARDUINO=105 -Wall -Os -fno-exceptions -g  -ffunction-sections  -fdata-sections -mmcu=atmega328p -DF_CPU=16000000UL -MMD -MP -MF"arduino/HID.d" -MT"arduino/HID.d"  -c -o "arduino/HID.o" "/usr/share/arduino/hardware/arduino/cores/arduino/HID.cpp"
Finished building: /usr/share/arduino/hardware/arduino/cores/arduino/HID.cpp
 
Building file: /usr/share/arduino/hardware/arduino/cores/arduino/HardwareSerial.cpp
Invoking: AVR C++ Compiler
avr-g++ -I"/usr/share/arduino/hardware/arduino/cores/arduino" -I"/usr/share/arduino/hardware/arduino/variants/standard" -DUSB_PID= -DUSB_VID= -DARDUINO=105 -Wall -Os -fno-exceptions -g  -ffunction-sections  -fdata-sections -mmcu=atmega328p -DF_CPU=16000000UL -MMD -MP -MF"arduino/HardwareSerial.d" -MT"arduino/HardwareSerial.d"  -c -o "arduino/HardwareSerial.o" "/usr/share/arduino/hardware/arduino/cores/arduino/HardwareSerial.cpp"
/usr/share/arduino/hardware/arduino/cores/arduino/HardwareSerial.cpp: In function ‘void store_char(unsigned char, ring_buffer*)’:
/usr/share/arduino/hardware/arduino/cores/arduino/HardwareSerial.cpp:98:9: warning: comparison between signed and unsigned integer expressions [-Wsign-compare]
   if (i != buffer->tail) {
         ^
/usr/share/arduino/hardware/arduino/cores/arduino/HardwareSerial.cpp: In function ‘void __vector_18()’:
/usr/share/arduino/hardware/arduino/cores/arduino/HardwareSerial.cpp:127:21: warning: unused variable ‘c’ [-Wunused-variable]
       unsigned char c = UDR0;
                     ^
/usr/share/arduino/hardware/arduino/cores/arduino/HardwareSerial.cpp: In member function ‘void HardwareSerial::begin(long unsigned int, byte)’:
/usr/share/arduino/hardware/arduino/cores/arduino/HardwareSerial.cpp:368:11: warning: unused variable ‘current_config’ [-Wunused-variable]
   uint8_t current_config;
           ^
/usr/share/arduino/hardware/arduino/cores/arduino/HardwareSerial.cpp: In member function ‘virtual size_t HardwareSerial::write(uint8_t)’:
/usr/share/arduino/hardware/arduino/cores/arduino/HardwareSerial.cpp:467:12: warning: comparison between signed and unsigned integer expressions [-Wsign-compare]
   while (i == _tx_buffer->tail)
            ^
Finished building: /usr/share/arduino/hardware/arduino/cores/arduino/HardwareSerial.cpp
 
Building file: /usr/share/arduino/hardware/arduino/cores/arduino/IPAddress.cpp
Invoking: AVR C++ Compiler
avr-g++ -I"/usr/share/arduino/hardware/arduino/cores/arduino" -I"/usr/share/arduino/hardware/arduino/variants/standard" -DUSB_PID= -DUSB_VID= -DARDUINO=105 -Wall -Os -fno-exceptions -g  -ffunction-sections  -fdata-sections -mmcu=atmega328p -DF_CPU=16000000UL -MMD -MP -MF"arduino/IPAddress.d" -MT"arduino/IPAddress.d"  -c -o "arduino/IPAddress.o" "/usr/share/arduino/hardware/arduino/cores/arduino/IPAddress.cpp"
In file included from /usr/share/arduino/hardware/arduino/cores/arduino/IPAddress.cpp:3:0:
/usr/share/arduino/hardware/arduino/cores/arduino/IPAddress.h: In member function ‘IPAddress::operator uint32_t()’:
/usr/share/arduino/hardware/arduino/cores/arduino/IPAddress.h:51:55: warning: dereferencing type-punned pointer will break strict-aliasing rules [-Wstrict-aliasing]
     operator uint32_t() { return *((uint32_t*)_address); };
                                                       ^
/usr/share/arduino/hardware/arduino/cores/arduino/IPAddress.h: In member function ‘bool IPAddress::operator==(const IPAddress&)’:
/usr/share/arduino/hardware/arduino/cores/arduino/IPAddress.h:52:75: warning: dereferencing type-punned pointer will break strict-aliasing rules [-Wstrict-aliasing]
     bool operator==(const IPAddress& addr) { return (*((uint32_t*)_address)) == (*((uint32_t*)addr._address)); };
                                                                           ^
/usr/share/arduino/hardware/arduino/cores/arduino/IPAddress.h:52:108: warning: dereferencing type-punned pointer will break strict-aliasing rules [-Wstrict-aliasing]
     bool operator==(const IPAddress& addr) { return (*((uint32_t*)_address)) == (*((uint32_t*)addr._address)); };
                                                                                                            ^
Finished building: /usr/share/arduino/hardware/arduino/cores/arduino/IPAddress.cpp
 
Building file: /usr/share/arduino/hardware/arduino/cores/arduino/Print.cpp
Invoking: AVR C++ Compiler
avr-g++ -I"/usr/share/arduino/hardware/arduino/cores/arduino" -I"/usr/share/arduino/hardware/arduino/variants/standard" -DUSB_PID= -DUSB_VID= -DARDUINO=105 -Wall -Os -fno-exceptions -g  -ffunction-sections  -fdata-sections -mmcu=atmega328p -DF_CPU=16000000UL -MMD -MP -MF"arduino/Print.d" -MT"arduino/Print.d"  -c -o "arduino/Print.o" "/usr/share/arduino/hardware/arduino/cores/arduino/Print.cpp"
/usr/share/arduino/hardware/arduino/cores/arduino/Print.cpp: In member function ‘size_t Print::print(const __FlashStringHelper*)’:
/usr/share/arduino/hardware/arduino/cores/arduino/Print.cpp:44:23: warning: ‘__progmem__’ attribute ignored [-Wattributes]
   const char PROGMEM *p = (const char PROGMEM *)ifsh;
                       ^
Finished building: /usr/share/arduino/hardware/arduino/cores/arduino/Print.cpp
 
Building file: /usr/share/arduino/hardware/arduino/cores/arduino/Stream.cpp
Invoking: AVR C++ Compiler
avr-g++ -I"/usr/share/arduino/hardware/arduino/cores/arduino" -I"/usr/share/arduino/hardware/arduino/variants/standard" -DUSB_PID= -DUSB_VID= -DARDUINO=105 -Wall -Os -fno-exceptions -g  -ffunction-sections  -fdata-sections -mmcu=atmega328p -DF_CPU=16000000UL -MMD -MP -MF"arduino/Stream.d" -MT"arduino/Stream.d"  -c -o "arduino/Stream.o" "/usr/share/arduino/hardware/arduino/cores/arduino/Stream.cpp"
Finished building: /usr/share/arduino/hardware/arduino/cores/arduino/Stream.cpp
 
Building file: /usr/share/arduino/hardware/arduino/cores/arduino/Tone.cpp
Invoking: AVR C++ Compiler
avr-g++ -I"/usr/share/arduino/hardware/arduino/cores/arduino" -I"/usr/share/arduino/hardware/arduino/variants/standard" -DUSB_PID= -DUSB_VID= -DARDUINO=105 -Wall -Os -fno-exceptions -g  -ffunction-sections  -fdata-sections -mmcu=atmega328p -DF_CPU=16000000UL -MMD -MP -MF"arduino/Tone.d" -MT"arduino/Tone.d"  -c -o "arduino/Tone.o" "/usr/share/arduino/hardware/arduino/cores/arduino/Tone.cpp"
Finished building: /usr/share/arduino/hardware/arduino/cores/arduino/Tone.cpp
 
Building file: /usr/share/arduino/hardware/arduino/cores/arduino/USBCore.cpp
Invoking: AVR C++ Compiler
avr-g++ -I"/usr/share/arduino/hardware/arduino/cores/arduino" -I"/usr/share/arduino/hardware/arduino/variants/standard" -DUSB_PID= -DUSB_VID= -DARDUINO=105 -Wall -Os -fno-exceptions -g  -ffunction-sections  -fdata-sections -mmcu=atmega328p -DF_CPU=16000000UL -MMD -MP -MF"arduino/USBCore.d" -MT"arduino/USBCore.d"  -c -o "arduino/USBCore.o" "/usr/share/arduino/hardware/arduino/cores/arduino/USBCore.cpp"
Finished building: /usr/share/arduino/hardware/arduino/cores/arduino/USBCore.cpp
 
Building file: /usr/share/arduino/hardware/arduino/cores/arduino/WInterrupts.c
Invoking: AVR Compiler
avr-gcc -I"/usr/share/arduino/hardware/arduino/cores/arduino" -I"/usr/share/arduino/hardware/arduino/variants/standard" -DUSB_VID= -DUSB_PID= -DARDUINO=105 -Wall -Os -fpack-struct -fshort-enums -std=gnu99 -funsigned-char -funsigned-bitfields -g  -ffunction-sections  -fdata-sections -mmcu=atmega328p -DF_CPU=16000000UL -MMD -MP -MF"arduino/WInterrupts.d" -MT"arduino/WInterrupts.d"  -c -o "arduino/WInterrupts.o" "/usr/share/arduino/hardware/arduino/cores/arduino/WInterrupts.c"
Finished building: /usr/share/arduino/hardware/arduino/cores/arduino/WInterrupts.c
 
Building file: /usr/share/arduino/hardware/arduino/cores/arduino/WMath.cpp
Invoking: AVR C++ Compiler
avr-g++ -I"/usr/share/arduino/hardware/arduino/cores/arduino" -I"/usr/share/arduino/hardware/arduino/variants/standard" -DUSB_PID= -DUSB_VID= -DARDUINO=105 -Wall -Os -fno-exceptions -g  -ffunction-sections  -fdata-sections -mmcu=atmega328p -DF_CPU=16000000UL -MMD -MP -MF"arduino/WMath.d" -MT"arduino/WMath.d"  -c -o "arduino/WMath.o" "/usr/share/arduino/hardware/arduino/cores/arduino/WMath.cpp"
Finished building: /usr/share/arduino/hardware/arduino/cores/arduino/WMath.cpp
 
Building file: /usr/share/arduino/hardware/arduino/cores/arduino/WString.cpp
Invoking: AVR C++ Compiler
avr-g++ -I"/usr/share/arduino/hardware/arduino/cores/arduino" -I"/usr/share/arduino/hardware/arduino/variants/standard" -DUSB_PID= -DUSB_VID= -DARDUINO=105 -Wall -Os -fno-exceptions -g  -ffunction-sections  -fdata-sections -mmcu=atmega328p -DF_CPU=16000000UL -MMD -MP -MF"arduino/WString.d" -MT"arduino/WString.d"  -c -o "arduino/WString.o" "/usr/share/arduino/hardware/arduino/cores/arduino/WString.cpp"
Finished building: /usr/share/arduino/hardware/arduino/cores/arduino/WString.cpp
 
Building file: /usr/share/arduino/hardware/arduino/cores/arduino/main.cpp
Invoking: AVR C++ Compiler
avr-g++ -I"/usr/share/arduino/hardware/arduino/cores/arduino" -I"/usr/share/arduino/hardware/arduino/variants/standard" -DUSB_PID= -DUSB_VID= -DARDUINO=105 -Wall -Os -fno-exceptions -g  -ffunction-sections  -fdata-sections -mmcu=atmega328p -DF_CPU=16000000UL -MMD -MP -MF"arduino/main.d" -MT"arduino/main.d"  -c -o "arduino/main.o" "/usr/share/arduino/hardware/arduino/cores/arduino/main.cpp"
Finished building: /usr/share/arduino/hardware/arduino/cores/arduino/main.cpp
 
Building file: /usr/share/arduino/hardware/arduino/cores/arduino/new.cpp
Invoking: AVR C++ Compiler
avr-g++ -I"/usr/share/arduino/hardware/arduino/cores/arduino" -I"/usr/share/arduino/hardware/arduino/variants/standard" -DUSB_PID= -DUSB_VID= -DARDUINO=105 -Wall -Os -fno-exceptions -g  -ffunction-sections  -fdata-sections -mmcu=atmega328p -DF_CPU=16000000UL -MMD -MP -MF"arduino/new.d" -MT"arduino/new.d"  -c -o "arduino/new.o" "/usr/share/arduino/hardware/arduino/cores/arduino/new.cpp"
Finished building: /usr/share/arduino/hardware/arduino/cores/arduino/new.cpp
 
Building file: /usr/share/arduino/hardware/arduino/cores/arduino/wiring.c
Invoking: AVR Compiler
avr-gcc -I"/usr/share/arduino/hardware/arduino/cores/arduino" -I"/usr/share/arduino/hardware/arduino/variants/standard" -DUSB_VID= -DUSB_PID= -DARDUINO=105 -Wall -Os -fpack-struct -fshort-enums -std=gnu99 -funsigned-char -funsigned-bitfields -g  -ffunction-sections  -fdata-sections -mmcu=atmega328p -DF_CPU=16000000UL -MMD -MP -MF"arduino/wiring.d" -MT"arduino/wiring.d"  -c -o "arduino/wiring.o" "/usr/share/arduino/hardware/arduino/cores/arduino/wiring.c"
Finished building: /usr/share/arduino/hardware/arduino/cores/arduino/wiring.c
 
Building file: /usr/share/arduino/hardware/arduino/cores/arduino/wiring_analog.c
Invoking: AVR Compiler
avr-gcc -I"/usr/share/arduino/hardware/arduino/cores/arduino" -I"/usr/share/arduino/hardware/arduino/variants/standard" -DUSB_VID= -DUSB_PID= -DARDUINO=105 -Wall -Os -fpack-struct -fshort-enums -std=gnu99 -funsigned-char -funsigned-bitfields -g  -ffunction-sections  -fdata-sections -mmcu=atmega328p -DF_CPU=16000000UL -MMD -MP -MF"arduino/wiring_analog.d" -MT"arduino/wiring_analog.d"  -c -o "arduino/wiring_analog.o" "/usr/share/arduino/hardware/arduino/cores/arduino/wiring_analog.c"
Finished building: /usr/share/arduino/hardware/arduino/cores/arduino/wiring_analog.c
 
Building file: /usr/share/arduino/hardware/arduino/cores/arduino/wiring_digital.c
Invoking: AVR Compiler
avr-gcc -I"/usr/share/arduino/hardware/arduino/cores/arduino" -I"/usr/share/arduino/hardware/arduino/variants/standard" -DUSB_VID= -DUSB_PID= -DARDUINO=105 -Wall -Os -fpack-struct -fshort-enums -std=gnu99 -funsigned-char -funsigned-bitfields -g  -ffunction-sections  -fdata-sections -mmcu=atmega328p -DF_CPU=16000000UL -MMD -MP -MF"arduino/wiring_digital.d" -MT"arduino/wiring_digital.d"  -c -o "arduino/wiring_digital.o" "/usr/share/arduino/hardware/arduino/cores/arduino/wiring_digital.c"
Finished building: /usr/share/arduino/hardware/arduino/cores/arduino/wiring_digital.c
 
Building file: /usr/share/arduino/hardware/arduino/cores/arduino/wiring_pulse.c
Invoking: AVR Compiler
avr-gcc -I"/usr/share/arduino/hardware/arduino/cores/arduino" -I"/usr/share/arduino/hardware/arduino/variants/standard" -DUSB_VID= -DUSB_PID= -DARDUINO=105 -Wall -Os -fpack-struct -fshort-enums -std=gnu99 -funsigned-char -funsigned-bitfields -g  -ffunction-sections  -fdata-sections -mmcu=atmega328p -DF_CPU=16000000UL -MMD -MP -MF"arduino/wiring_pulse.d" -MT"arduino/wiring_pulse.d"  -c -o "arduino/wiring_pulse.o" "/usr/share/arduino/hardware/arduino/cores/arduino/wiring_pulse.c"
Finished building: /usr/share/arduino/hardware/arduino/cores/arduino/wiring_pulse.c
 
Building file: /usr/share/arduino/hardware/arduino/cores/arduino/wiring_shift.c
Invoking: AVR Compiler
avr-gcc -I"/usr/share/arduino/hardware/arduino/cores/arduino" -I"/usr/share/arduino/hardware/arduino/variants/standard" -DUSB_VID= -DUSB_PID= -DARDUINO=105 -Wall -Os -fpack-struct -fshort-enums -std=gnu99 -funsigned-char -funsigned-bitfields -g  -ffunction-sections  -fdata-sections -mmcu=atmega328p -DF_CPU=16000000UL -MMD -MP -MF"arduino/wiring_shift.d" -MT"arduino/wiring_shift.d"  -c -o "arduino/wiring_shift.o" "/usr/share/arduino/hardware/arduino/cores/arduino/wiring_shift.c"
Finished building: /usr/share/arduino/hardware/arduino/cores/arduino/wiring_shift.c
 
Building target: libArduino_Uno.a
Invoking: AVR Archiver
avr-ar -r  "libArduino_Uno.a"  ./arduino/avr-libc/malloc.o ./arduino/avr-libc/realloc.o  ./arduino/CDC.o ./arduino/HID.o ./arduino/HardwareSerial.o ./arduino/IPAddress.o ./arduino/Print.o ./arduino/Stream.o ./arduino/Tone.o ./arduino/USBCore.o ./arduino/WInterrupts.o ./arduino/WMath.o ./arduino/WString.o ./arduino/main.o ./arduino/new.o ./arduino/wiring.o ./arduino/wiring_analog.o ./arduino/wiring_digital.o ./arduino/wiring_pulse.o ./arduino/wiring_shift.o  
avr-ar: creating libArduino_Uno.a
Finished building target: libArduino_Uno.a
 
Invoking: AVR Create Extended Listing
avr-objdump -h -S libArduino_Uno.a  >"libArduino_Uno.lss"
Finished building: libArduino_Uno.lss
 
Invoking: Print Size
avr-size --format=berkeley -t libArduino_Uno.a
   text	   data	    bss	    dec	    hex	filename
    602	      6	      0	    608	    260	malloc.o (ex libArduino_Uno.a)
    466	      0	      0	    466	    1d2	realloc.o (ex libArduino_Uno.a)
      0	      0	      0	      0	      0	CDC.o (ex libArduino_Uno.a)
      0	      0	      0	      0	      0	HID.o (ex libArduino_Uno.a)
   1564	      0	    170	   1734	    6c6	HardwareSerial.o (ex libArduino_Uno.a)
    322	      0	      6	    328	    148	IPAddress.o (ex libArduino_Uno.a)
   1676	      0	      0	   1676	    68c	Print.o (ex libArduino_Uno.a)
   1399	      0	      0	   1399	    577	Stream.o (ex libArduino_Uno.a)
   1511	      1	     21	   1533	    5fd	Tone.o (ex libArduino_Uno.a)
      0	      0	      0	      0	      0	USBCore.o (ex libArduino_Uno.a)
    276	      0	      4	    280	    118	WInterrupts.o (ex libArduino_Uno.a)
    298	      0	      0	    298	    12a	WMath.o (ex libArduino_Uno.a)
   3947	      0	      1	   3948	    f6c	WString.o (ex libArduino_Uno.a)
     26	      0	      0	     26	     1a	main.o (ex libArduino_Uno.a)
     46	      0	      0	     46	     2e	new.o (ex libArduino_Uno.a)
    460	      0	      9	    469	    1d5	wiring.o (ex libArduino_Uno.a)
    254	      1	      0	    255	     ff	wiring_analog.o (ex libArduino_Uno.a)
    470	      0	      0	    470	    1d6	wiring_digital.o (ex libArduino_Uno.a)
    294	      0	      0	    294	    126	wiring_pulse.o (ex libArduino_Uno.a)
    238	      0	      0	    238	     ee	wiring_shift.o (ex libArduino_Uno.a)
  13849	      8	    211	  14068	   36f4	(TOTALS)
Finished building: sizedummy
 

14:11:40 Build Finished (took 5s.341ms)

