08:54:14 **** Build of configuration Release for project Test1 ****
make all 
Building file: ../Test1.cpp
Invoking: AVR C++ Compiler
avr-g++ -I"/usr/share/arduino/hardware/arduino/cores/arduino" -I"/usr/share/arduino/hardware/arduino/variants/standard" -I"/home/slg/workspace-arduino/Test1" -D__IN_ECLIPSE__=1 -DUSB_VID= -DUSB_PID= -DARDUINO=105 -Wall -Os -ffunction-sections -fdata-sections -fno-exceptions -g -mmcu=atmega328p -DF_CPU=16000000UL -MMD -MP -MF"Test1.d" -MT"Test1.d"  -c -o "Test1.o" -x c++ "../Test1.cpp"
Finished building: ../Test1.cpp
 
Building target: Test1.elf
Invoking: AVR C++ Linker
avr-gcc -Os -Wl,--gc-sections  -L"/home/slg/workspace-arduino/Arduino_Uno/Release" -mmcu=atmega328p  -o"Test1.elf"  ./Test1.o   -l"Arduino_Uno" -lm
Finished building target: Test1.elf
 
Invoking: AVR Create Extended Listing
avr-objdump -h -S Test1.elf  >"Test1.lss"
Finished building: Test1.lss
 
Create Flash image (ihex format)
avr-objcopy -R .eeprom -O ihex Test1.elf  "Test1.hex"
Finished building: Test1.hex
 
Create eeprom image (ihex format)
avr-objcopy -j .eeprom --no-change-warnings --change-section-lma .eeprom=0 -O ihex Test1.elf  "Test1.eep"
Finished building: Test1.eep
 
Invoking: Print Size
avr-size --format=berkeley -t Test1.elf
   text	   data	    bss	    dec	    hex	filename
   1016	      0	      9	   1025	    401	Test1.elf
   1016	      0	      9	   1025	    401	(TOTALS)
Finished building: sizedummy
 

08:54:14 Build Finished (took 732ms)

